OVERVIEW: List all projects in a workspace

USAGE: xcodeproj-cli list-workspace-projects [--project <project>] [--workspace <workspace>] [--verbose] [--dry-run] <workspace-name>

ARGUMENTS:
  <workspace-name>        Name of the workspace (without .xcworkspace extension)

OPTIONS:
  -p, --project <project> Path to .xcodeproj file (default: looks for
                          *.xcodeproj in current directory)
  -w, --workspace <workspace>
                          Path to .xcworkspace file
  -V, --verbose           Enable verbose output with performance metrics
  --dry-run               Preview changes without saving
  --version               Show the version.
  -h, --help              Show help information.

