OVERVIEW: Unlink a Swift Package product from a target

Removes a Swift Package product dependency from a target without removing
the package from the project. Useful when a target should inherit package
access from a host app rather than linking directly.

Example:
  xcodeproj-cli unlink-package-product Alamofire --target MyAppTests

USAGE: xcodeproj-cli unlink-package-product [--project <project>] [--workspace <workspace>] [--verbose] [--dry-run] <product-name> --target <target>

ARGUMENTS:
  <product-name>          Name of the package product to unlink (e.g.,
                          'Alamofire')

OPTIONS:
  -p, --project <project> Path to .xcodeproj file (default: looks for
                          *.xcodeproj in current directory)
  -w, --workspace <workspace>
                          Path to .xcworkspace file
  -V, --verbose           Enable verbose output with performance metrics
  --dry-run               Preview changes without saving
  -t, --target <target>   Target to unlink the package product from
  --version               Show the version.
  -h, --help              Show help information.

