🔄 Transaction started
🎯 Build Settings for Target: TestApp
─────────────────────────────────────────────────────────────────────────────────

📋 Configuration: Debug
  ──────────────────────────────────────────────────────────────────────────────
  BUNDLE_IDENTIFIER = com.test.TestApp
  CODE_SIGN_IDENTITY = iPhone Developer
  DEVELOPMENT_TEAM = ABC123XYZ
  PRODUCT_BUNDLE_IDENTIFIER = com.test.TestApp
  PRODUCT_NAME = MyApp
  SWIFT_VERSION = 5.9

📋 Configuration: Release
  ──────────────────────────────────────────────────────────────────────────────
  BUNDLE_IDENTIFIER = com.test.TestApp
  CODE_SIGN_IDENTITY = iPhone Developer
  DEVELOPMENT_TEAM = ABC123XYZ
  PRODUCT_BUNDLE_IDENTIFIER = com.test.TestApp
  PRODUCT_NAME = MyApp
  SWIFT_VERSION = 5.9
